
*** Running vivado
    with args -log fir_filter_0.vds -m64 -product Vivado -mode batch -messageDb vivado.pb -notrace -source fir_filter_0.tcl


****** Vivado v2018.3 (64-bit)
  **** SW Build 2405991 on Thu Dec  6 23:38:27 MST 2018
  **** IP Build 2404404 on Fri Dec  7 01:43:56 MST 2018
    ** Copyright 1986-2018 Xilinx, Inc. All Rights Reserved.

source fir_filter_0.tcl -notrace
INFO: [IP_Flow 19-234] Refreshing IP repositories
INFO: [IP_Flow 19-1700] Loaded user IP repository 'o:/ip_filter_lp'.
INFO: [IP_Flow 19-2313] Loaded Vivado IP repository 'I:/xilinx/Vivado/2018.3/data/ip'.
update_ip_catalog: Time (s): cpu = 00:00:04 ; elapsed = 00:00:06 . Memory (MB): peak = 351.309 ; gain = 31.062
Command: synth_design -top fir_filter_0 -part xc7z020clg400-2 -mode out_of_context
Starting synth_design
Attempting to get a license for feature 'Synthesis' and/or device 'xc7z020'
INFO: [Common 17-349] Got license for feature 'Synthesis' and/or device 'xc7z020'
INFO: Launching helper process for spawning children vivado processes
INFO: Helper process launched with PID 7316 
---------------------------------------------------------------------------------
Starting RTL Elaboration : Time (s): cpu = 00:00:07 ; elapsed = 00:00:14 . Memory (MB): peak = 468.055 ; gain = 94.730
---------------------------------------------------------------------------------
INFO: [Synth 8-638] synthesizing module 'fir_filter_0' [o:/New folder/IP_FIR_FILTER/create_ip_with_sysgen/create_ip_with_sysgen.srcs/sources_1/ip/fir_filter_0/synth/fir_filter_0.vhd:69]
INFO: [Synth 8-3491] module 'fir_filter' declared at 'o:/New folder/IP_FIR_FILTER/create_ip_with_sysgen/create_ip_with_sysgen.srcs/sources_1/ip/fir_filter_0/xil_defaultlib/hdl/fir_filter.vhd:78' bound to instance 'U0' of component 'fir_filter' [o:/New folder/IP_FIR_FILTER/create_ip_with_sysgen/create_ip_with_sysgen.srcs/sources_1/ip/fir_filter_0/synth/fir_filter_0.vhd:104]
INFO: [Synth 8-638] synthesizing module 'fir_filter' [o:/New folder/IP_FIR_FILTER/create_ip_with_sysgen/create_ip_with_sysgen.srcs/sources_1/ip/fir_filter_0/xil_defaultlib/hdl/fir_filter.vhd:87]
INFO: [Synth 8-638] synthesizing module 'fir_filter_default_clock_driver' [o:/New folder/IP_FIR_FILTER/create_ip_with_sysgen/create_ip_with_sysgen.srcs/sources_1/ip/fir_filter_0/xil_defaultlib/hdl/fir_filter.vhd:58]
INFO: [Synth 8-638] synthesizing module 'xlclockdriver' [o:/New folder/IP_FIR_FILTER/create_ip_with_sysgen/create_ip_with_sysgen.srcs/sources_1/ip/fir_filter_0/xil_defaultlib/hdl/xlclockdriver_rd.vhd:59]
	Parameter period bound to: 1 - type: integer 
	Parameter log_2_period bound to: 1 - type: integer 
	Parameter pipeline_regs bound to: 5 - type: integer 
	Parameter use_bufg bound to: 0 - type: integer 
	Parameter width bound to: 1 - type: integer 
	Parameter init_index bound to: 0 - type: integer 
	Parameter init_value bound to: 4'b0000 
	Parameter latency bound to: 1 - type: integer 
INFO: [Synth 8-3491] module 'synth_reg_w_init' declared at 'o:/New folder/IP_FIR_FILTER/create_ip_with_sysgen/create_ip_with_sysgen.srcs/sources_1/ip/fir_filter_0/xil_defaultlib/hdl/synth_reg_w_init.vhd:31' bound to instance 'clr_reg' of component 'synth_reg_w_init' [o:/New folder/IP_FIR_FILTER/create_ip_with_sysgen/create_ip_with_sysgen.srcs/sources_1/ip/fir_filter_0/xil_defaultlib/hdl/xlclockdriver_rd.vhd:236]
INFO: [Synth 8-638] synthesizing module 'synth_reg_w_init' [o:/New folder/IP_FIR_FILTER/create_ip_with_sysgen/create_ip_with_sysgen.srcs/sources_1/ip/fir_filter_0/xil_defaultlib/hdl/synth_reg_w_init.vhd:47]
	Parameter width bound to: 1 - type: integer 
	Parameter init_index bound to: 0 - type: integer 
	Parameter init_value bound to: 4'b0000 
	Parameter latency bound to: 1 - type: integer 
	Parameter width bound to: 1 - type: integer 
	Parameter init_index bound to: 0 - type: integer 
	Parameter init_value bound to: 4'b0000 
INFO: [Synth 8-3491] module 'single_reg_w_init' declared at 'o:/New folder/IP_FIR_FILTER/create_ip_with_sysgen/create_ip_with_sysgen.srcs/sources_1/ip/fir_filter_0/xil_defaultlib/hdl/single_reg_w_init.vhd:22' bound to instance 'reg_comp' of component 'single_reg_w_init' [o:/New folder/IP_FIR_FILTER/create_ip_with_sysgen/create_ip_with_sysgen.srcs/sources_1/ip/fir_filter_0/xil_defaultlib/hdl/synth_reg_w_init.vhd:79]
INFO: [Synth 8-638] synthesizing module 'single_reg_w_init' [o:/New folder/IP_FIR_FILTER/create_ip_with_sysgen/create_ip_with_sysgen.srcs/sources_1/ip/fir_filter_0/xil_defaultlib/hdl/single_reg_w_init.vhd:37]
	Parameter width bound to: 1 - type: integer 
	Parameter init_index bound to: 0 - type: integer 
	Parameter init_value bound to: 4'b0000 
INFO: [Synth 8-113] binding component instance 'fdre_comp' to cell 'FDRE' [o:/New folder/IP_FIR_FILTER/create_ip_with_sysgen/create_ip_with_sysgen.srcs/sources_1/ip/fir_filter_0/xil_defaultlib/hdl/single_reg_w_init.vhd:86]
INFO: [Synth 8-256] done synthesizing module 'single_reg_w_init' (1#1) [o:/New folder/IP_FIR_FILTER/create_ip_with_sysgen/create_ip_with_sysgen.srcs/sources_1/ip/fir_filter_0/xil_defaultlib/hdl/single_reg_w_init.vhd:37]
INFO: [Synth 8-256] done synthesizing module 'synth_reg_w_init' (2#1) [o:/New folder/IP_FIR_FILTER/create_ip_with_sysgen/create_ip_with_sysgen.srcs/sources_1/ip/fir_filter_0/xil_defaultlib/hdl/synth_reg_w_init.vhd:47]
WARNING: [Synth 8-6014] Unused sequential element clk_num_reg was removed.  [o:/New folder/IP_FIR_FILTER/create_ip_with_sysgen/create_ip_with_sysgen.srcs/sources_1/ip/fir_filter_0/xil_defaultlib/hdl/xlclockdriver_rd.vhd:212]
INFO: [Synth 8-256] done synthesizing module 'xlclockdriver' (3#1) [o:/New folder/IP_FIR_FILTER/create_ip_with_sysgen/create_ip_with_sysgen.srcs/sources_1/ip/fir_filter_0/xil_defaultlib/hdl/xlclockdriver_rd.vhd:59]
INFO: [Synth 8-256] done synthesizing module 'fir_filter_default_clock_driver' (4#1) [o:/New folder/IP_FIR_FILTER/create_ip_with_sysgen/create_ip_with_sysgen.srcs/sources_1/ip/fir_filter_0/xil_defaultlib/hdl/fir_filter.vhd:58]
INFO: [Synth 8-638] synthesizing module 'fir_filter_struct' [o:/New folder/IP_FIR_FILTER/create_ip_with_sysgen/create_ip_with_sysgen.srcs/sources_1/ip/fir_filter_0/xil_defaultlib/hdl/fir_filter.vhd:16]
INFO: [Synth 8-638] synthesizing module 'xlfir_compiler_e3a16a149afcb428678903914e2b041d' [o:/New folder/IP_FIR_FILTER/create_ip_with_sysgen/create_ip_with_sysgen.srcs/sources_1/ip/fir_filter_0/xil_defaultlib/hdl/fir_filter_entity_declarations.vhd:62]
INFO: [Synth 8-3491] module 'fir_filter_fir_compiler_v7_2_i0' declared at 'o:/New folder/IP_FIR_FILTER/create_ip_with_sysgen/create_ip_with_sysgen.srcs/sources_1/ip/fir_filter_0/fir_filter_fir_compiler_v7_2_i0/synth/fir_filter_fir_compiler_v7_2_i0.vhd:59' bound to instance 'fir_filter_fir_compiler_v7_2_i0_instance' of component 'fir_filter_fir_compiler_v7_2_i0' [o:/New folder/IP_FIR_FILTER/create_ip_with_sysgen/create_ip_with_sysgen.srcs/sources_1/ip/fir_filter_0/xil_defaultlib/hdl/fir_filter_entity_declarations.vhd:79]
INFO: [Synth 8-638] synthesizing module 'fir_filter_fir_compiler_v7_2_i0' [o:/New folder/IP_FIR_FILTER/create_ip_with_sysgen/create_ip_with_sysgen.srcs/sources_1/ip/fir_filter_0/fir_filter_fir_compiler_v7_2_i0/synth/fir_filter_fir_compiler_v7_2_i0.vhd:71]
	Parameter C_XDEVICEFAMILY bound to: zynq - type: string 
	Parameter C_ELABORATION_DIR bound to: ./ - type: string 
	Parameter C_COMPONENT_NAME bound to: fir_filter_fir_compiler_v7_2_i0 - type: string 
	Parameter C_COEF_FILE bound to: fir_filter_fir_compiler_v7_2_i0.mif - type: string 
	Parameter C_COEF_FILE_LINES bound to: 6 - type: integer 
	Parameter C_FILTER_TYPE bound to: 0 - type: integer 
	Parameter C_INTERP_RATE bound to: 1 - type: integer 
	Parameter C_DECIM_RATE bound to: 1 - type: integer 
	Parameter C_ZERO_PACKING_FACTOR bound to: 1 - type: integer 
	Parameter C_SYMMETRY bound to: 1 - type: integer 
	Parameter C_NUM_FILTS bound to: 1 - type: integer 
	Parameter C_NUM_TAPS bound to: 11 - type: integer 
	Parameter C_NUM_CHANNELS bound to: 1 - type: integer 
	Parameter C_CHANNEL_PATTERN bound to: fixed - type: string 
	Parameter C_ROUND_MODE bound to: 0 - type: integer 
	Parameter C_COEF_RELOAD bound to: 0 - type: integer 
	Parameter C_NUM_RELOAD_SLOTS bound to: 1 - type: integer 
	Parameter C_COL_MODE bound to: 1 - type: integer 
	Parameter C_COL_PIPE_LEN bound to: 4 - type: integer 
	Parameter C_COL_CONFIG bound to: 6 - type: string 
	Parameter C_OPTIMIZATION bound to: 0 - type: integer 
	Parameter C_DATA_PATH_WIDTHS bound to: 16 - type: string 
	Parameter C_DATA_IP_PATH_WIDTHS bound to: 16 - type: string 
	Parameter C_DATA_PX_PATH_WIDTHS bound to: 16 - type: string 
	Parameter C_DATA_WIDTH bound to: 16 - type: integer 
	Parameter C_COEF_PATH_WIDTHS bound to: 16 - type: string 
	Parameter C_COEF_WIDTH bound to: 16 - type: integer 
	Parameter C_DATA_PATH_SRC bound to: 0 - type: string 
	Parameter C_COEF_PATH_SRC bound to: 0 - type: string 
	Parameter C_PX_PATH_SRC bound to: 0 - type: string 
	Parameter C_DATA_PATH_SIGN bound to: 0 - type: string 
	Parameter C_COEF_PATH_SIGN bound to: 1 - type: string 
	Parameter C_ACCUM_PATH_WIDTHS bound to: 32 - type: string 
	Parameter C_OUTPUT_WIDTH bound to: 32 - type: integer 
	Parameter C_OUTPUT_PATH_WIDTHS bound to: 32 - type: string 
	Parameter C_ACCUM_OP_PATH_WIDTHS bound to: 32 - type: string 
	Parameter C_EXT_MULT_CNFG bound to: none - type: string 
	Parameter C_DATA_PATH_PSAMP_SRC bound to: 0 - type: string 
	Parameter C_OP_PATH_PSAMP_SRC bound to: 0 - type: string 
	Parameter C_NUM_MADDS bound to: 6 - type: integer 
	Parameter C_OPT_MADDS bound to: none - type: string 
	Parameter C_OVERSAMPLING_RATE bound to: 1 - type: integer 
	Parameter C_INPUT_RATE bound to: 1 - type: integer 
	Parameter C_OUTPUT_RATE bound to: 1 - type: integer 
	Parameter C_DATA_MEMTYPE bound to: 0 - type: integer 
	Parameter C_COEF_MEMTYPE bound to: 2 - type: integer 
	Parameter C_IPBUFF_MEMTYPE bound to: 0 - type: integer 
	Parameter C_OPBUFF_MEMTYPE bound to: 0 - type: integer 
	Parameter C_DATAPATH_MEMTYPE bound to: 0 - type: integer 
	Parameter C_MEM_ARRANGEMENT bound to: 1 - type: integer 
	Parameter C_DATA_MEM_PACKING bound to: 0 - type: integer 
	Parameter C_COEF_MEM_PACKING bound to: 0 - type: integer 
	Parameter C_FILTS_PACKED bound to: 0 - type: integer 
	Parameter C_LATENCY bound to: 12 - type: integer 
	Parameter C_HAS_ARESETn bound to: 0 - type: integer 
	Parameter C_HAS_ACLKEN bound to: 1 - type: integer 
	Parameter C_DATA_HAS_TLAST bound to: 0 - type: integer 
	Parameter C_S_DATA_HAS_FIFO bound to: 0 - type: integer 
	Parameter C_S_DATA_HAS_TUSER bound to: 0 - type: integer 
	Parameter C_S_DATA_TDATA_WIDTH bound to: 16 - type: integer 
	Parameter C_S_DATA_TUSER_WIDTH bound to: 1 - type: integer 
	Parameter C_M_DATA_HAS_TREADY bound to: 0 - type: integer 
	Parameter C_M_DATA_HAS_TUSER bound to: 0 - type: integer 
	Parameter C_M_DATA_TDATA_WIDTH bound to: 32 - type: integer 
	Parameter C_M_DATA_TUSER_WIDTH bound to: 1 - type: integer 
	Parameter C_HAS_CONFIG_CHANNEL bound to: 0 - type: integer 
	Parameter C_CONFIG_SYNC_MODE bound to: 0 - type: integer 
	Parameter C_CONFIG_PACKET_SIZE bound to: 0 - type: integer 
	Parameter C_CONFIG_TDATA_WIDTH bound to: 1 - type: integer 
	Parameter C_RELOAD_TDATA_WIDTH bound to: 1 - type: integer 
INFO: [Synth 8-3491] module 'fir_compiler_v7_2_11' declared at 'o:/New folder/IP_FIR_FILTER/create_ip_with_sysgen/create_ip_with_sysgen.srcs/sources_1/ip/fir_filter_0/fir_filter_fir_compiler_v7_2_i0/hdl/fir_compiler_v7_2_vh_rfs.vhd:61157' bound to instance 'U0' of component 'fir_compiler_v7_2_11' [o:/New folder/IP_FIR_FILTER/create_ip_with_sysgen/create_ip_with_sysgen.srcs/sources_1/ip/fir_filter_0/fir_filter_fir_compiler_v7_2_i0/synth/fir_filter_fir_compiler_v7_2_i0.vhd:201]
WARNING: [Synth 8-5858] RAM p_casc_reg from Abstract Data Type (record/struct) for this pattern/configuration is not supported. This will most likely be implemented in registers
WARNING: [Synth 8-5858] RAM p_path_out_reg from Abstract Data Type (record/struct) for this pattern/configuration is not supported. This will most likely be implemented in registers
INFO: [Synth 8-256] done synthesizing module 'fir_filter_fir_compiler_v7_2_i0' (15#1) [o:/New folder/IP_FIR_FILTER/create_ip_with_sysgen/create_ip_with_sysgen.srcs/sources_1/ip/fir_filter_0/fir_filter_fir_compiler_v7_2_i0/synth/fir_filter_fir_compiler_v7_2_i0.vhd:71]
INFO: [Synth 8-256] done synthesizing module 'xlfir_compiler_e3a16a149afcb428678903914e2b041d' (16#1) [o:/New folder/IP_FIR_FILTER/create_ip_with_sysgen/create_ip_with_sysgen.srcs/sources_1/ip/fir_filter_0/xil_defaultlib/hdl/fir_filter_entity_declarations.vhd:62]
INFO: [Synth 8-256] done synthesizing module 'fir_filter_struct' (17#1) [o:/New folder/IP_FIR_FILTER/create_ip_with_sysgen/create_ip_with_sysgen.srcs/sources_1/ip/fir_filter_0/xil_defaultlib/hdl/fir_filter.vhd:16]
INFO: [Synth 8-256] done synthesizing module 'fir_filter' (18#1) [o:/New folder/IP_FIR_FILTER/create_ip_with_sysgen/create_ip_with_sysgen.srcs/sources_1/ip/fir_filter_0/xil_defaultlib/hdl/fir_filter.vhd:87]
INFO: [Synth 8-256] done synthesizing module 'fir_filter_0' (19#1) [o:/New folder/IP_FIR_FILTER/create_ip_with_sysgen/create_ip_with_sysgen.srcs/sources_1/ip/fir_filter_0/synth/fir_filter_0.vhd:69]
WARNING: [Synth 8-3331] design delay__parameterized9 has unconnected port SCLR
WARNING: [Synth 8-3331] design delay__parameterized9 has unconnected port SCLR_ALT
WARNING: [Synth 8-3331] design buff__parameterized0 has unconnected port RE
WARNING: [Synth 8-3331] design buff__parameterized0 has unconnected port SCLR
WARNING: [Synth 8-3331] design delay__parameterized2 has unconnected port SCLR_ALT
WARNING: [Synth 8-3331] design buff has unconnected port RE
WARNING: [Synth 8-3331] design buff has unconnected port SCLR
WARNING: [Synth 8-3331] design delay__parameterized12 has unconnected port WE
WARNING: [Synth 8-3331] design delay__parameterized12 has unconnected port CE
WARNING: [Synth 8-3331] design delay__parameterized12 has unconnected port SCLR
WARNING: [Synth 8-3331] design delay__parameterized12 has unconnected port SCLR_ALT
WARNING: [Synth 8-3331] design delay__parameterized12 has unconnected port CLK
WARNING: [Synth 8-3331] design delay__parameterized11 has unconnected port WE
WARNING: [Synth 8-3331] design delay__parameterized11 has unconnected port CE
WARNING: [Synth 8-3331] design delay__parameterized11 has unconnected port SCLR
WARNING: [Synth 8-3331] design delay__parameterized11 has unconnected port SCLR_ALT
WARNING: [Synth 8-3331] design delay__parameterized11 has unconnected port CLK
WARNING: [Synth 8-3331] design calc has unconnected port PRE_ADDSUB
WARNING: [Synth 8-3331] design calc has unconnected port CED
WARNING: [Synth 8-3331] design delay__parameterized10 has unconnected port WE
WARNING: [Synth 8-3331] design delay__parameterized10 has unconnected port CE
WARNING: [Synth 8-3331] design delay__parameterized10 has unconnected port SCLR
WARNING: [Synth 8-3331] design delay__parameterized10 has unconnected port SCLR_ALT
WARNING: [Synth 8-3331] design delay__parameterized10 has unconnected port CLK
WARNING: [Synth 8-3331] design addsub_mult_add__parameterized0 has unconnected port POUT[casc][52]
WARNING: [Synth 8-3331] design addsub_mult_add__parameterized0 has unconnected port POUT[casc][51]
WARNING: [Synth 8-3331] design addsub_mult_add__parameterized0 has unconnected port POUT[casc][50]
WARNING: [Synth 8-3331] design addsub_mult_add__parameterized0 has unconnected port POUT[casc][49]
WARNING: [Synth 8-3331] design addsub_mult_add__parameterized0 has unconnected port POUT[casc][48]
WARNING: [Synth 8-3331] design addsub_mult_add__parameterized0 has unconnected port P_EN
WARNING: [Synth 8-3331] design addsub_mult_add__parameterized0 has unconnected port OPCODE[9]
WARNING: [Synth 8-3331] design addsub_mult_add__parameterized0 has unconnected port OPCODE[8]
WARNING: [Synth 8-3331] design addsub_mult_add__parameterized0 has unconnected port OPCODE[7]
WARNING: [Synth 8-3331] design addsub_mult_add__parameterized0 has unconnected port OPCODE[6]
WARNING: [Synth 8-3331] design addsub_mult_add__parameterized0 has unconnected port OPCODE[5]
WARNING: [Synth 8-3331] design addsub_mult_add__parameterized0 has unconnected port OPCODE[4]
WARNING: [Synth 8-3331] design addsub_mult_add__parameterized0 has unconnected port OPCODE[3]
WARNING: [Synth 8-3331] design addsub_mult_add__parameterized0 has unconnected port OPCODE[2]
WARNING: [Synth 8-3331] design addsub_mult_add__parameterized0 has unconnected port OPCODE[1]
WARNING: [Synth 8-3331] design addsub_mult_add__parameterized0 has unconnected port OPCODE[0]
WARNING: [Synth 8-3331] design addsub_mult_add__parameterized0 has unconnected port CIN[31]
WARNING: [Synth 8-3331] design addsub_mult_add__parameterized0 has unconnected port CIN[30]
WARNING: [Synth 8-3331] design addsub_mult_add__parameterized0 has unconnected port CIN[29]
WARNING: [Synth 8-3331] design addsub_mult_add__parameterized0 has unconnected port CIN[28]
WARNING: [Synth 8-3331] design addsub_mult_add__parameterized0 has unconnected port CIN[27]
WARNING: [Synth 8-3331] design addsub_mult_add__parameterized0 has unconnected port CIN[26]
WARNING: [Synth 8-3331] design addsub_mult_add__parameterized0 has unconnected port CIN[25]
WARNING: [Synth 8-3331] design addsub_mult_add__parameterized0 has unconnected port CIN[24]
WARNING: [Synth 8-3331] design addsub_mult_add__parameterized0 has unconnected port CIN[23]
WARNING: [Synth 8-3331] design addsub_mult_add__parameterized0 has unconnected port CIN[22]
WARNING: [Synth 8-3331] design addsub_mult_add__parameterized0 has unconnected port CIN[21]
WARNING: [Synth 8-3331] design addsub_mult_add__parameterized0 has unconnected port CIN[20]
WARNING: [Synth 8-3331] design addsub_mult_add__parameterized0 has unconnected port CIN[19]
WARNING: [Synth 8-3331] design addsub_mult_add__parameterized0 has unconnected port CIN[18]
WARNING: [Synth 8-3331] design addsub_mult_add__parameterized0 has unconnected port CIN[17]
WARNING: [Synth 8-3331] design addsub_mult_add__parameterized0 has unconnected port CIN[16]
WARNING: [Synth 8-3331] design addsub_mult_add__parameterized0 has unconnected port CIN[15]
WARNING: [Synth 8-3331] design addsub_mult_add__parameterized0 has unconnected port CIN[14]
WARNING: [Synth 8-3331] design addsub_mult_add__parameterized0 has unconnected port CIN[13]
WARNING: [Synth 8-3331] design addsub_mult_add__parameterized0 has unconnected port CIN[12]
WARNING: [Synth 8-3331] design addsub_mult_add__parameterized0 has unconnected port CIN[11]
WARNING: [Synth 8-3331] design addsub_mult_add__parameterized0 has unconnected port CIN[10]
WARNING: [Synth 8-3331] design addsub_mult_add__parameterized0 has unconnected port CIN[9]
WARNING: [Synth 8-3331] design addsub_mult_add__parameterized0 has unconnected port CIN[8]
WARNING: [Synth 8-3331] design addsub_mult_add__parameterized0 has unconnected port CIN[7]
WARNING: [Synth 8-3331] design addsub_mult_add__parameterized0 has unconnected port CIN[6]
WARNING: [Synth 8-3331] design addsub_mult_add__parameterized0 has unconnected port CIN[5]
WARNING: [Synth 8-3331] design addsub_mult_add__parameterized0 has unconnected port CIN[4]
WARNING: [Synth 8-3331] design addsub_mult_add__parameterized0 has unconnected port CIN[3]
WARNING: [Synth 8-3331] design addsub_mult_add__parameterized0 has unconnected port CIN[2]
WARNING: [Synth 8-3331] design addsub_mult_add__parameterized0 has unconnected port CIN[1]
WARNING: [Synth 8-3331] design addsub_mult_add__parameterized0 has unconnected port CIN[0]
WARNING: [Synth 8-3331] design addsub_mult_add__parameterized0 has unconnected port PIN[casc][52]
WARNING: [Synth 8-3331] design addsub_mult_add__parameterized0 has unconnected port PIN[casc][51]
WARNING: [Synth 8-3331] design addsub_mult_add__parameterized0 has unconnected port PIN[casc][50]
WARNING: [Synth 8-3331] design addsub_mult_add__parameterized0 has unconnected port PIN[casc][49]
WARNING: [Synth 8-3331] design addsub_mult_add__parameterized0 has unconnected port PIN[casc][48]
WARNING: [Synth 8-3331] design addsub_mult_add__parameterized0 has unconnected port PIN[casc][47]
WARNING: [Synth 8-3331] design addsub_mult_add__parameterized0 has unconnected port PIN[casc][46]
WARNING: [Synth 8-3331] design addsub_mult_add__parameterized0 has unconnected port PIN[casc][45]
WARNING: [Synth 8-3331] design addsub_mult_add__parameterized0 has unconnected port PIN[casc][44]
WARNING: [Synth 8-3331] design addsub_mult_add__parameterized0 has unconnected port PIN[casc][43]
WARNING: [Synth 8-3331] design addsub_mult_add__parameterized0 has unconnected port PIN[casc][42]
WARNING: [Synth 8-3331] design addsub_mult_add__parameterized0 has unconnected port PIN[casc][41]
WARNING: [Synth 8-3331] design addsub_mult_add__parameterized0 has unconnected port PIN[casc][40]
WARNING: [Synth 8-3331] design addsub_mult_add__parameterized0 has unconnected port PIN[casc][39]
WARNING: [Synth 8-3331] design addsub_mult_add__parameterized0 has unconnected port PIN[casc][38]
WARNING: [Synth 8-3331] design addsub_mult_add__parameterized0 has unconnected port PIN[casc][37]
WARNING: [Synth 8-3331] design addsub_mult_add__parameterized0 has unconnected port PIN[casc][36]
WARNING: [Synth 8-3331] design addsub_mult_add__parameterized0 has unconnected port PIN[casc][35]
WARNING: [Synth 8-3331] design addsub_mult_add__parameterized0 has unconnected port PIN[casc][34]
WARNING: [Synth 8-3331] design addsub_mult_add__parameterized0 has unconnected port PIN[casc][33]
WARNING: [Synth 8-3331] design addsub_mult_add__parameterized0 has unconnected port PIN[casc][32]
WARNING: [Synth 8-3331] design addsub_mult_add__parameterized0 has unconnected port PIN[casc][31]
WARNING: [Synth 8-3331] design addsub_mult_add__parameterized0 has unconnected port PIN[casc][30]
WARNING: [Synth 8-3331] design addsub_mult_add__parameterized0 has unconnected port PIN[casc][29]
WARNING: [Synth 8-3331] design addsub_mult_add__parameterized0 has unconnected port PIN[casc][28]
WARNING: [Synth 8-3331] design addsub_mult_add__parameterized0 has unconnected port PIN[casc][27]
WARNING: [Synth 8-3331] design addsub_mult_add__parameterized0 has unconnected port PIN[casc][26]
WARNING: [Synth 8-3331] design addsub_mult_add__parameterized0 has unconnected port PIN[casc][25]
INFO: [Common 17-14] Message 'Synth 8-3331' appears 100 times and further instances of the messages will be disabled. Use the Tcl command set_msg_config to change the current settings.
---------------------------------------------------------------------------------
Finished RTL Elaboration : Time (s): cpu = 00:00:20 ; elapsed = 00:00:28 . Memory (MB): peak = 616.684 ; gain = 243.359
---------------------------------------------------------------------------------

Report Check Netlist: 
+------+------------------+-------+---------+-------+------------------+
|      |Item              |Errors |Warnings |Status |Description       |
+------+------------------+-------+---------+-------+------------------+
|1     |multi_driven_nets |      0|        0|Passed |Multi driven nets |
+------+------------------+-------+---------+-------+------------------+
---------------------------------------------------------------------------------
Start Handling Custom Attributes
---------------------------------------------------------------------------------
---------------------------------------------------------------------------------
Finished Handling Custom Attributes : Time (s): cpu = 00:00:20 ; elapsed = 00:00:28 . Memory (MB): peak = 616.684 ; gain = 243.359
---------------------------------------------------------------------------------
---------------------------------------------------------------------------------
Finished RTL Optimization Phase 1 : Time (s): cpu = 00:00:20 ; elapsed = 00:00:28 . Memory (MB): peak = 616.684 ; gain = 243.359
---------------------------------------------------------------------------------
INFO: [Netlist 29-17] Analyzing 6 Unisim elements for replacement
INFO: [Netlist 29-28] Unisim Transformation completed in 0 CPU seconds
INFO: [Device 21-403] Loading part xc7z020clg400-2
INFO: [Project 1-570] Preparing netlist for logic optimization

Processing XDC Constraints
Initializing timing engine
Parsing XDC File [o:/New folder/IP_FIR_FILTER/create_ip_with_sysgen/create_ip_with_sysgen.srcs/sources_1/ip/fir_filter_0/constrs/fir_filter.xdc] for cell 'U0'
Finished Parsing XDC File [o:/New folder/IP_FIR_FILTER/create_ip_with_sysgen/create_ip_with_sysgen.srcs/sources_1/ip/fir_filter_0/constrs/fir_filter.xdc] for cell 'U0'
Parsing XDC File [o:/New folder/IP_FIR_FILTER/create_ip_with_sysgen/create_ip_with_sysgen.srcs/sources_1/ip/fir_filter_0/fir_filter_fir_compiler_v7_2_i0/constraints/fir_compiler_v7_2.xdc] for cell 'U0/fir_filter_struct/fir_compiler_7_2/fir_filter_fir_compiler_v7_2_i0_instance/U0'
Finished Parsing XDC File [o:/New folder/IP_FIR_FILTER/create_ip_with_sysgen/create_ip_with_sysgen.srcs/sources_1/ip/fir_filter_0/fir_filter_fir_compiler_v7_2_i0/constraints/fir_compiler_v7_2.xdc] for cell 'U0/fir_filter_struct/fir_compiler_7_2/fir_filter_fir_compiler_v7_2_i0_instance/U0'
Parsing XDC File [O:/New folder/IP_FIR_FILTER/create_ip_with_sysgen/create_ip_with_sysgen.runs/fir_filter_0_synth_1/dont_touch.xdc]
Finished Parsing XDC File [O:/New folder/IP_FIR_FILTER/create_ip_with_sysgen/create_ip_with_sysgen.runs/fir_filter_0_synth_1/dont_touch.xdc]
INFO: [Project 1-236] Implementation specific constraints were found while reading constraint file [O:/New folder/IP_FIR_FILTER/create_ip_with_sysgen/create_ip_with_sysgen.runs/fir_filter_0_synth_1/dont_touch.xdc]. These constraints will be ignored for synthesis but will be used in implementation. Impacted constraints are listed in the file [.Xil/fir_filter_0_propImpl.xdc].
Resolution: To avoid this warning, move constraints listed in [.Xil/fir_filter_0_propImpl.xdc] to another XDC file and exclude this new file from synthesis with the used_in_synthesis property (File Properties dialog in GUI) and re-run elaboration/synthesis.
Netlist sorting complete. Time (s): cpu = 00:00:00 ; elapsed = 00:00:00.002 . Memory (MB): peak = 836.234 ; gain = 0.000
WARNING: [Constraints 18-5210] No constraints selected for write.
Resolution: This message can indicate that there are no constraints for the design, or it can indicate that the used_in flags are set such that the constraints are ignored. This later case is used when running synth_design to not write synthesis constraints to the resulting checkpoint. Instead, project constraints are read when the synthesized design is opened.
Completed Processing XDC Constraints

Netlist sorting complete. Time (s): cpu = 00:00:00 ; elapsed = 00:00:00.001 . Memory (MB): peak = 837.805 ; gain = 0.000
INFO: [Project 1-111] Unisim Transformation Summary:
No Unisim elements were transformed.

Netlist sorting complete. Time (s): cpu = 00:00:00 ; elapsed = 00:00:00.001 . Memory (MB): peak = 837.805 ; gain = 0.000
Constraint Validation Runtime : Time (s): cpu = 00:00:01 ; elapsed = 00:00:00.204 . Memory (MB): peak = 837.805 ; gain = 0.000
---------------------------------------------------------------------------------
Finished Constraint Validation : Time (s): cpu = 00:00:33 ; elapsed = 00:00:50 . Memory (MB): peak = 837.805 ; gain = 464.480
---------------------------------------------------------------------------------
---------------------------------------------------------------------------------
Start Loading Part and Timing Information
---------------------------------------------------------------------------------
Loading part: xc7z020clg400-2
---------------------------------------------------------------------------------
Finished Loading Part and Timing Information : Time (s): cpu = 00:00:33 ; elapsed = 00:00:50 . Memory (MB): peak = 837.805 ; gain = 464.480
---------------------------------------------------------------------------------
---------------------------------------------------------------------------------
Start Applying 'set_property' XDC Constraints
---------------------------------------------------------------------------------
Applied set_property DONT_TOUCH = true for U0/fir_filter_struct/fir_compiler_7_2/fir_filter_fir_compiler_v7_2_i0_instance/U0. (constraint file  {O:/New folder/IP_FIR_FILTER/create_ip_with_sysgen/create_ip_with_sysgen.runs/fir_filter_0_synth_1/dont_touch.xdc}, line 11).
Applied set_property DONT_TOUCH = true for U0. (constraint file  {O:/New folder/IP_FIR_FILTER/create_ip_with_sysgen/create_ip_with_sysgen.runs/fir_filter_0_synth_1/dont_touch.xdc}, line 15).
Applied set_property DONT_TOUCH = true for U0/fir_filter_struct/fir_compiler_7_2/fir_filter_fir_compiler_v7_2_i0_instance. (constraint file  auto generated constraint, line ).
---------------------------------------------------------------------------------
Finished applying 'set_property' XDC Constraints : Time (s): cpu = 00:00:33 ; elapsed = 00:00:50 . Memory (MB): peak = 837.805 ; gain = 464.480
---------------------------------------------------------------------------------
---------------------------------------------------------------------------------
Finished RTL Optimization Phase 2 : Time (s): cpu = 00:00:34 ; elapsed = 00:00:51 . Memory (MB): peak = 837.805 ; gain = 464.480
---------------------------------------------------------------------------------

Report RTL Partitions: 
+-+--------------+------------+----------+
| |RTL Partition |Replication |Instances |
+-+--------------+------------+----------+
+-+--------------+------------+----------+
---------------------------------------------------------------------------------
Start RTL Component Statistics 
---------------------------------------------------------------------------------
---------------------------------------------------------------------------------
Finished RTL Component Statistics 
---------------------------------------------------------------------------------
---------------------------------------------------------------------------------
Start RTL Hierarchical Component Statistics 
---------------------------------------------------------------------------------
---------------------------------------------------------------------------------
Finished RTL Hierarchical Component Statistics
---------------------------------------------------------------------------------
---------------------------------------------------------------------------------
Start Part Resource Summary
---------------------------------------------------------------------------------
Part Resources:
DSPs: 220 (col length:60)
BRAMs: 280 (col length: RAMB18 60 RAMB36 30)
---------------------------------------------------------------------------------
Finished Part Resource Summary
---------------------------------------------------------------------------------
---------------------------------------------------------------------------------
Start Cross Boundary and Area Optimization
---------------------------------------------------------------------------------
Warning: Parallel synthesis criteria is not met 
WARNING: [Synth 8-3332] Sequential element (fir_filter_default_clock_driver/clockdriver/clr_reg/latency_gt_0.fd_array[1].reg_comp/fd_prim_array[0].bit_is_0.fdre_comp) is unused and will be removed from module fir_filter.
INFO: [Synth 8-3333] propagating constant 0 across sequential element (U0/\fir_filter_struct/fir_compiler_7_2/fir_filter_fir_compiler_v7_2_i0_instance /U0/i_synth/\g_single_rate.i_single_rate/g_m_data_chan_no_fifo.m_axis_data_tlast_int_reg )
---------------------------------------------------------------------------------
Finished Cross Boundary and Area Optimization : Time (s): cpu = 00:00:35 ; elapsed = 00:00:52 . Memory (MB): peak = 837.805 ; gain = 464.480
---------------------------------------------------------------------------------

Report RTL Partitions: 
+-+--------------+------------+----------+
| |RTL Partition |Replication |Instances |
+-+--------------+------------+----------+
+-+--------------+------------+----------+
---------------------------------------------------------------------------------
Start Applying XDC Timing Constraints
---------------------------------------------------------------------------------
---------------------------------------------------------------------------------
Finished Applying XDC Timing Constraints : Time (s): cpu = 00:00:53 ; elapsed = 00:01:10 . Memory (MB): peak = 917.578 ; gain = 544.254
---------------------------------------------------------------------------------
---------------------------------------------------------------------------------
Start Timing Optimization
---------------------------------------------------------------------------------
---------------------------------------------------------------------------------
Finished Timing Optimization : Time (s): cpu = 00:00:53 ; elapsed = 00:01:11 . Memory (MB): peak = 918.023 ; gain = 544.699
---------------------------------------------------------------------------------

Report RTL Partitions: 
+-+--------------+------------+----------+
| |RTL Partition |Replication |Instances |
+-+--------------+------------+----------+
+-+--------------+------------+----------+
---------------------------------------------------------------------------------
Start Technology Mapping
---------------------------------------------------------------------------------
---------------------------------------------------------------------------------
Finished Technology Mapping : Time (s): cpu = 00:00:53 ; elapsed = 00:01:11 . Memory (MB): peak = 928.672 ; gain = 555.348
---------------------------------------------------------------------------------

Report RTL Partitions: 
+-+--------------+------------+----------+
| |RTL Partition |Replication |Instances |
+-+--------------+------------+----------+
+-+--------------+------------+----------+
---------------------------------------------------------------------------------
Start IO Insertion
---------------------------------------------------------------------------------
---------------------------------------------------------------------------------
Start Flattening Before IO Insertion
---------------------------------------------------------------------------------
---------------------------------------------------------------------------------
Finished Flattening Before IO Insertion
---------------------------------------------------------------------------------
---------------------------------------------------------------------------------
Start Final Netlist Cleanup
---------------------------------------------------------------------------------
---------------------------------------------------------------------------------
Finished Final Netlist Cleanup
---------------------------------------------------------------------------------
---------------------------------------------------------------------------------
Finished IO Insertion : Time (s): cpu = 00:00:54 ; elapsed = 00:01:12 . Memory (MB): peak = 928.672 ; gain = 555.348
---------------------------------------------------------------------------------

Report Check Netlist: 
+------+------------------+-------+---------+-------+------------------+
|      |Item              |Errors |Warnings |Status |Description       |
+------+------------------+-------+---------+-------+------------------+
|1     |multi_driven_nets |      0|        0|Passed |Multi driven nets |
+------+------------------+-------+---------+-------+------------------+
---------------------------------------------------------------------------------
Start Renaming Generated Instances
---------------------------------------------------------------------------------
---------------------------------------------------------------------------------
Finished Renaming Generated Instances : Time (s): cpu = 00:00:54 ; elapsed = 00:01:12 . Memory (MB): peak = 928.672 ; gain = 555.348
---------------------------------------------------------------------------------

Report RTL Partitions: 
+-+--------------+------------+----------+
| |RTL Partition |Replication |Instances |
+-+--------------+------------+----------+
+-+--------------+------------+----------+
---------------------------------------------------------------------------------
Start Rebuilding User Hierarchy
---------------------------------------------------------------------------------
---------------------------------------------------------------------------------
Finished Rebuilding User Hierarchy : Time (s): cpu = 00:00:55 ; elapsed = 00:01:12 . Memory (MB): peak = 928.672 ; gain = 555.348
---------------------------------------------------------------------------------
---------------------------------------------------------------------------------
Start Renaming Generated Ports
---------------------------------------------------------------------------------
---------------------------------------------------------------------------------
Finished Renaming Generated Ports : Time (s): cpu = 00:00:55 ; elapsed = 00:01:12 . Memory (MB): peak = 928.672 ; gain = 555.348
---------------------------------------------------------------------------------
---------------------------------------------------------------------------------
Start Handling Custom Attributes
---------------------------------------------------------------------------------
---------------------------------------------------------------------------------
Finished Handling Custom Attributes : Time (s): cpu = 00:00:55 ; elapsed = 00:01:12 . Memory (MB): peak = 928.672 ; gain = 555.348
---------------------------------------------------------------------------------
---------------------------------------------------------------------------------
Start Renaming Generated Nets
---------------------------------------------------------------------------------
---------------------------------------------------------------------------------
Finished Renaming Generated Nets : Time (s): cpu = 00:00:55 ; elapsed = 00:01:12 . Memory (MB): peak = 928.672 ; gain = 555.348
---------------------------------------------------------------------------------
---------------------------------------------------------------------------------
Start Writing Synthesis Report
---------------------------------------------------------------------------------

Report BlackBoxes: 
+-+--------------+----------+
| |BlackBox name |Instances |
+-+--------------+----------+
+-+--------------+----------+

Report Cell Usage: 
+------+--------+------+
|      |Cell    |Count |
+------+--------+------+
|1     |DSP48E1 |     6|
|2     |LUT2    |     7|
|3     |SRL16E  |   161|
|4     |FDRE    |   296|
|5     |FDSE    |     1|
+------+--------+------+
---------------------------------------------------------------------------------
Finished Writing Synthesis Report : Time (s): cpu = 00:00:55 ; elapsed = 00:01:12 . Memory (MB): peak = 928.672 ; gain = 555.348
---------------------------------------------------------------------------------
Synthesis finished with 0 errors, 0 critical warnings and 131 warnings.
Synthesis Optimization Runtime : Time (s): cpu = 00:00:25 ; elapsed = 00:00:54 . Memory (MB): peak = 928.672 ; gain = 334.227
Synthesis Optimization Complete : Time (s): cpu = 00:00:55 ; elapsed = 00:01:13 . Memory (MB): peak = 928.672 ; gain = 555.348
INFO: [Project 1-571] Translating synthesized netlist
INFO: [Netlist 29-17] Analyzing 6 Unisim elements for replacement
INFO: [Netlist 29-28] Unisim Transformation completed in 0 CPU seconds
INFO: [Project 1-570] Preparing netlist for logic optimization
INFO: [Opt 31-138] Pushed 0 inverter(s) to 0 load pin(s).
Netlist sorting complete. Time (s): cpu = 00:00:00 ; elapsed = 00:00:00.001 . Memory (MB): peak = 928.672 ; gain = 0.000
INFO: [Project 1-111] Unisim Transformation Summary:
No Unisim elements were transformed.

INFO: [Common 17-83] Releasing license: Synthesis
43 Infos, 105 Warnings, 0 Critical Warnings and 0 Errors encountered.
synth_design completed successfully
synth_design: Time (s): cpu = 00:00:58 ; elapsed = 00:01:18 . Memory (MB): peak = 928.672 ; gain = 566.875
Netlist sorting complete. Time (s): cpu = 00:00:00 ; elapsed = 00:00:00.001 . Memory (MB): peak = 928.672 ; gain = 0.000
WARNING: [Constraints 18-5210] No constraints selected for write.
Resolution: This message can indicate that there are no constraints for the design, or it can indicate that the used_in flags are set such that the constraints are ignored. This later case is used when running synth_design to not write synthesis constraints to the resulting checkpoint. Instead, project constraints are read when the synthesized design is opened.
INFO: [Common 17-1381] The checkpoint 'O:/New folder/IP_FIR_FILTER/create_ip_with_sysgen/create_ip_with_sysgen.runs/fir_filter_0_synth_1/fir_filter_0.dcp' has been generated.
INFO: [Coretcl 2-1648] Added synthesis output to IP cache for IP fir_filter_0, cache-ID = 33beb33046d7661c
INFO: [Coretcl 2-1174] Renamed 47 cell refs.
Netlist sorting complete. Time (s): cpu = 00:00:00 ; elapsed = 00:00:00.001 . Memory (MB): peak = 928.672 ; gain = 0.000
WARNING: [Constraints 18-5210] No constraints selected for write.
Resolution: This message can indicate that there are no constraints for the design, or it can indicate that the used_in flags are set such that the constraints are ignored. This later case is used when running synth_design to not write synthesis constraints to the resulting checkpoint. Instead, project constraints are read when the synthesized design is opened.
INFO: [Common 17-1381] The checkpoint 'O:/New folder/IP_FIR_FILTER/create_ip_with_sysgen/create_ip_with_sysgen.runs/fir_filter_0_synth_1/fir_filter_0.dcp' has been generated.
INFO: [runtcl-4] Executing : report_utilization -file fir_filter_0_utilization_synth.rpt -pb fir_filter_0_utilization_synth.pb
INFO: [Common 17-206] Exiting Vivado at Fri Jun 19 19:36:20 2026...
